
  [39;41;1m FAIL [39;49;22m[39m Tests\Feature\OuVisibilityTest[39m
  [31;1mΓ¿»[39;22m[90m [39m[90muser can only see patches from own OU[39m[90m                             [39m [90m128.51s[39m  
  [31mΓöÇΓöÇΓöÇΓöÇΓöÇΓöÇΓöÇΓöÇΓöÇΓöÇΓöÇΓöÇΓöÇΓöÇΓöÇΓöÇΓöÇΓöÇΓöÇΓöÇΓöÇΓöÇΓöÇΓöÇΓöÇΓöÇΓöÇΓöÇΓöÇΓöÇΓöÇΓöÇΓöÇΓöÇΓöÇΓöÇΓöÇΓöÇΓöÇΓöÇΓöÇΓöÇΓöÇΓöÇΓöÇΓöÇΓöÇΓöÇΓöÇΓöÇΓöÇΓöÇΓöÇΓöÇΓöÇΓöÇΓöÇΓöÇΓöÇΓöÇΓöÇΓöÇΓöÇΓöÇΓöÇΓöÇΓöÇΓöÇΓöÇΓöÇΓöÇΓöÇΓöÇΓöÇΓöÇΓöÇ[39m  
  [41;1m FAILED [49;22m [1mTests\Feature\OuVisibilityTest[22m [90m>[39m user can only seΓÇª [41;1m QueryException [49;22m  
[39;1m  SQLSTATE[HY000]: General error: 1364 Field 'employee_id' doesn't have a default value (Connection: mysql, Host: 127.0.0.1, Port: 3306, Database: landlord, SQL: insert into `employees` (`login_id`, `first_name`, `last_name`, `updated_at`, `created_at`) values (1, Test, User, 2026-06-10 00:13:56, 2026-06-10 00:13:56))[39;22m

  at [32mvendor\laravel\framework\src\Illuminate\Database\MySqlConnection.php[39m:[32m53[39m
     49Γûò             $this->bindValues($statement, $this->prepareBindings($bindings));
     50Γûò 
     51Γûò             $this->recordsHaveBeenModified();
     52Γûò 
  Γ₧£  53Γûò             $result = $statement->execute();
     54Γûò 
     55Γûò             $this->lastInsertId = $this->getPdo()->lastInsertId($sequence);
     56Γûò 
     57Γûò             return $result;

  [33m1   [39m[39;1mvendor\laravel\framework\src\Illuminate\Database\MySqlConnection.php[39;22m:[39;1m53[39;22m
  [33m2   [39m[39;1mvendor\laravel\framework\src\Illuminate\Database\Connection.php[39;22m:[39;1m827[39;22m


  [90mTests:[39m    [31;1m1 failed[39;22m[90m (0 assertions)[39m
  [90mDuration:[39m [39m129.49s[39m

EXIT:2
